#! /data/yunhaozhou/download/yosys/oss-cad-suite/bin/vvp
:ivl_version "13.0 (devel)" "(s20221226-565-g6c8ed62a5)";
:ivl_delay_selection "TYPICAL";
:vpi_time_precision + 0;
:vpi_module "/data/yunhaozhou/download/yosys/oss-cad-suite/lib/ivl/system.vpi";
:vpi_module "/data/yunhaozhou/download/yosys/oss-cad-suite/lib/ivl/vhdl_sys.vpi";
:vpi_module "/data/yunhaozhou/download/yosys/oss-cad-suite/lib/ivl/vhdl_textio.vpi";
:vpi_module "/data/yunhaozhou/download/yosys/oss-cad-suite/lib/ivl/v2005_math.vpi";
:vpi_module "/data/yunhaozhou/download/yosys/oss-cad-suite/lib/ivl/va_math.vpi";
S_0x555556c57ea0 .scope module, "verified_counter_12" "verified_counter_12" 2 1;
 .timescale 0 0;
    .port_info 0 /INPUT 1 "rst_n";
    .port_info 1 /INPUT 1 "clk";
    .port_info 2 /INPUT 1 "valid_count";
    .port_info 3 /OUTPUT 4 "out";
o0x7fe40c522018 .functor BUFZ 1, c4<z>; HiZ drive
v0x555556c59d40_0 .net "clk", 0 0, o0x7fe40c522018;  0 drivers
v0x555556ca0e80_0 .var "out", 3 0;
o0x7fe40c522078 .functor BUFZ 1, c4<z>; HiZ drive
v0x555556ca0f60_0 .net "rst_n", 0 0, o0x7fe40c522078;  0 drivers
o0x7fe40c5220a8 .functor BUFZ 1, c4<z>; HiZ drive
v0x555556ca1030_0 .net "valid_count", 0 0, o0x7fe40c5220a8;  0 drivers
E_0x555556c90de0/0 .event negedge, v0x555556ca0f60_0;
E_0x555556c90de0/1 .event posedge, v0x555556c59d40_0;
E_0x555556c90de0 .event/or E_0x555556c90de0/0, E_0x555556c90de0/1;
    .scope S_0x555556c57ea0;
T_0 ;
    %wait E_0x555556c90de0;
    %load/vec4 v0x555556ca0f60_0;
    %nor/r;
    %flag_set/vec4 8;
    %jmp/0xz  T_0.0, 8;
    %pushi/vec4 0, 0, 4;
    %assign/vec4 v0x555556ca0e80_0, 0;
    %jmp T_0.1;
T_0.0 ;
    %load/vec4 v0x555556ca1030_0;
    %flag_set/vec4 8;
    %jmp/0xz  T_0.2, 8;
    %load/vec4 v0x555556ca0e80_0;
    %cmpi/e 11, 0, 4;
    %jmp/0xz  T_0.4, 4;
    %pushi/vec4 0, 0, 4;
    %assign/vec4 v0x555556ca0e80_0, 0;
    %jmp T_0.5;
T_0.4 ;
    %load/vec4 v0x555556ca0e80_0;
    %addi 1, 0, 4;
    %assign/vec4 v0x555556ca0e80_0, 0;
T_0.5 ;
    %jmp T_0.3;
T_0.2 ;
    %load/vec4 v0x555556ca0e80_0;
    %assign/vec4 v0x555556ca0e80_0, 0;
T_0.3 ;
T_0.1 ;
    %jmp T_0;
    .thread T_0;
# The file index is used to find the file name in the following table.
:file_names 3;
    "N/A";
    "<interactive>";
    "testbench/design_pair1/counter12_2.v";
